ARM GAS  C:\Users\NHANPH~1\AppData\Local\Temp\cccciYQq.s 			page 1


   1              		.syntax unified
   2              		.cpu cortex-m3
   3              		.fpu softvfp
   4              		.eabi_attribute 20, 1
   5              		.eabi_attribute 21, 1
   6              		.eabi_attribute 23, 3
   7              		.eabi_attribute 24, 1
   8              		.eabi_attribute 25, 1
   9              		.eabi_attribute 26, 1
  10              		.eabi_attribute 30, 1
  11              		.eabi_attribute 34, 1
  12              		.eabi_attribute 18, 4
  13              		.thumb
  14              		.file	"PIDmain.c"
  15              		.text
  16              	.Ltext0:
  17              		.cfi_sections	.debug_frame
  18              	.Letext0:
  19              		.section	.debug_line,"",%progbits
  20              	.Ldebug_line0:
  21              		.section	.debug_str,"MS",%progbits,1
  22              	.LASF0:
  23 0000 433A5C55 		.ascii	"C:\\Users\\Nhan Phan\\Desktop\\CProjects\\Zumobot\\"
  23      73657273 
  23      5C4E6861 
  23      6E205068 
  23      616E5C44 
  24 002d 5A756D6F 		.ascii	"ZumoBot.cydsn\000"
  24      426F742E 
  24      63796473 
  24      6E00
  25              	.LASF1:
  26 003b 474E5520 		.ascii	"GNU C 4.9.3 20150303 (release) [ARM/embedded-4_9-br"
  26      4320342E 
  26      392E3320 
  26      32303135 
  26      30333033 
  27 006e 616E6368 		.ascii	"anch revision 221220] -mcpu=cortex-m3 -mthumb -g -O"
  27      20726576 
  27      6973696F 
  27      6E203232 
  27      31323230 
  28 00a1 67202D66 		.ascii	"g -ffunction-sections -ffat-lto-objects\000"
  28      66756E63 
  28      74696F6E 
  28      2D736563 
  28      74696F6E 
  29              	.LASF2:
  30 00c9 2E2E5C2E 		.ascii	"..\\..\\..\\MyZumoFollower03\\ZumoBot.cydsn\\PIDmai"
  30      2E5C2E2E 
  30      5C4D795A 
  30      756D6F46 
  30      6F6C6C6F 
  31 00f7 6E2E6300 		.ascii	"n.c\000"
  32              		.ident	"GCC: (GNU Tools for ARM Embedded Processors) 4.9.3 20150303 (release) [ARM/embedded-4_9-br
